廖雪峰git教程 学习进程摘抄

Git is a version control system.
Git is free software.

什么是版本库呢？版本库又名仓库，英文名repository，你可以简单理解成一个目录，这个目录里面的所有文件都可以被Git管理起来，每个文件的修改、删除，Git都能跟踪，以便任何时刻都可以追踪历史，或者在将来某个时刻可以“还原”。

所以，创建一个版本库非常简单，首先，选择一个合适的地方，创建一个空目录：

$ mkdir learngit
$ cd learngit
$ pwd
/Users/michael/learngit

第二步，通过git init命令把这个目录变成Git可以管理的仓库：

$ git init
Initialized empty Git repository in /Users/michael/learngit/.git/

，把一个文件放到Git仓库只需要两步。

第一步，用命令git add告诉Git，把文件添加到仓库：

$ git add readme.txt
执行上面的命令，没有任何显示，这就对了，Unix的哲学是“没有消息就是好消息”，说明添加成功。

第二步，用命令git commit告诉Git，把文件提交到仓库：
$ git commit -m "wrote a readme file"
简单解释一下git commit命令，-m后面输入的是本次提交的说明，可以输入任意内容，当然最好是有意义的，这样你就能从历史记录里方便地找到改动记录。

为什么Git添加文件需要add，commit一共两步呢？因为commit可以一次提交很多文件，所以你可以多次add不同的文件，比如：

$ git add file1.txt
$ git add file2.txt file3.txt
$ git commit -m "add 3 files."
疑难解答
Q：输入git add readme.txt，得到错误：fatal: not a git repository (or any of the parent directories)。
A：Git命令必须在Git仓库目录内执行（git init除外），在仓库目录外执行是没有意义的。
Q：输入git add readme.txt，得到错误fatal: pathspec 'readme.txt' did not match any files。
A：添加某个文件时，该文件必须在当前目录下存在，用ls或者dir命令查看当前目录的文件，看看文件是否存在，或者是否写错了文件名。

小结
现在总结一下今天学的两点内容：
初始化一个Git仓库，使用git init命令。
添加文件到Git仓库，分两步：

使用命令git add <file>，注意，可反复多次使用，添加多个文件；
使用命令git commit -m <message>，完成。

修改readme文件，现在，运行git status命令看看结果：
$ git status
git status命令可以让我们时刻掌握仓库当前的状态，上面的命令输出告诉我们，readme.txt被修改过了，但还没有准备提交的修改。

git log命令查看：

$ git log

用HEAD表示当前版本，也就是最新的提交1094adb...（注意我的提交ID和你的肯定不一样），上一个版本就是HEAD^，上上一个版本就是HEAD^^，当然往上100个版本写100个^比较容易数不过来，所以写成HEAD~100。

现在，我们要把当前版本append GPL回退到上一个版本add distributed，就可以使用git reset命令：

$ git reset --hard HEAD^

还可以继续回退到上一个版本wrote a readme file，不过且慢，让我们用git log再看看现在版本库的状态：

$ git log
commit e475afc93c209a690c39c13a46716e8fa000c366 (HEAD -> master)
Author: Michael Liao <askxuefeng@gmail.com>
Date:   Fri May 18 21:03:36 2018 +0800

    add distributed

commit eaadf4e385e865d25c48e7ca9c8395c3f7dfaef0
Author: Michael Liao <askxuefeng@gmail.com>
Date:   Fri May 18 20:59:18 2018 +0800

    wrote a readme file
最新的那个版本append GPL已经看不到了！好比你从21世纪坐时光穿梭机来到了19世纪，想再回去已经回不去了，肿么办？

办法其实还是有的，只要上面的命令行窗口还没有被关掉，你就可以顺着往上找啊找啊，找到那个append GPL的commit id是1094adb...，于是就可以指定回到未来的某个版本：

$ git reset --hard 1094a
HEAD is now at 83b0afe append GPL

在Git中，总是有后悔药可以吃的。当你用$ git reset --hard HEAD^回退到add distributed版本时，再想恢复到append GPL，就必须找到append GPL的commit id。Git提供了一个命令git reflog用来记录你的每一次命令：

$ git reflog
e475afc HEAD@{1}: reset: moving to HEAD^
1094adb (HEAD -> master) HEAD@{2}: commit: append GPL
e475afc HEAD@{3}: commit: add distributed
eaadf4e HEAD@{4}: commit (initial): wrote a readme file
终于舒了口气，从输出可知，append GPL的commit id是1094adb，现在，你又可以乘坐时光机回到未来了。


小结
现在总结一下：
HEAD指向的版本就是当前版本，因此，Git允许我们在版本的历史之间穿梭，使用命令git reset --hard commit_id。
穿梭前，用git log可以查看提交历史，以便确定要回退到哪个版本。
要重返未来，用git reflog查看命令历史，以便确定要回到未来的哪个版本。

版本库、head、master、暂存区等概念：
https://www.liaoxuefeng.com/wiki/896043488029600/897271968352576

版本库（Repository）
工作区有一个隐藏目录.git，这个不算工作区，而是Git的版本库。
Git的版本库里存了很多东西，其中最重要的就是称为stage（或者叫index）的暂存区，还有Git为我们自动创建的第一个分支master，以及指向master的一个指针叫HEAD。

前面讲了我们把文件往Git版本库里添加的时候，是分两步执行的：
第一步是用git add把文件添加进去，实际上就是把文件修改添加到暂存区；
第二步是用git commit提交更改，实际上就是把暂存区的所有内容提交到当前分支。
因为我们创建Git版本库时，Git自动为我们创建了唯一一个master分支，所以，现在，git commit就是往master分支上提交更改。
你可以简单理解为，需要提交的文件修改通通放到暂存区，然后，一次性提交暂存区的所有修改。


你可以发现，Git会告诉你，git checkout -- file可以丢弃工作区的修改：

$ git checkout -- readme.txt
命令git checkout -- readme.txt意思就是，把readme.txt文件在工作区的修改全部撤销，这里有两种情况：
一种是readme.txt自修改后还没有被放到暂存区，现在，撤销修改就回到和版本库一模一样的状态；
一种是readme.txt已经添加到暂存区后，又作了修改，现在，撤销修改就回到添加到暂存区后的状态。
总之，就是让这个文件回到最近一次git commit或git add时的状态。

git checkout -- file命令中的--很重要，没有--，就变成了“切换到另一个分支”的命令，我们在后面的分支管理中会再次遇到git checkout命令。



Git同样告诉我们，用命令git reset HEAD <file>可以把暂存区的修改撤销掉（unstage），重新放回工作区：

$ git reset HEAD readme.txt
Unstaged changes after reset:
M	readme.txt
git reset命令既可以回退版本，也可以把暂存区的修改回退到工作区。当我们用HEAD时，表示最新的版本。

再用git status查看一下，现在暂存区是干净的，工作区有修改：

还记得如何丢弃工作区的修改吗？

$ git checkout -- readme.txt

整个世界终于清静了！


小结
又到了小结时间。

场景1：当你改乱了工作区某个文件的内容，想直接丢弃工作区的修改时，用命令git checkout -- file。

场景2：当你不但改乱了工作区某个文件的内容，还添加到了暂存区时，想丢弃修改，分两步，第一步用命令git reset HEAD <file>，就回到了场景1，第二步按场景1操作。

场景3：已经提交了不合适的修改到版本库时，想要撤销本次提交，参考版本回退一节，不过前提是没有推送到远程库。

删除文件：
https://www.liaoxuefeng.com/wiki/896043488029600/900002180232448
删除工作区：
$ rm test.txt
暂存区删除：
$ git rm test.txt
提交删除，文件从版本库中删除
$ git commit -m "remove"

删错了，从版本库恢复文件：
$ git checkout -- test.txt

git checkout其实是用版本库里的版本替换工作区的版本，无论工作区是修改还是删除，都可以“一键还原”。

小结
命令git rm用于删除一个文件。如果一个文件已经被提交到版本库，那么你永远不用担心误删，但是要小心，你只能恢复文件到最新版本，你会丢失最近一次提交后你修改的内容。

第1步：创建SSH Key。在用户主目录下，看看有没有.ssh目录，如果有，再看看这个目录下有没有id_rsa和id_rsa.pub这两个文件，如果已经有了，可直接跳到下一步。如果没有，打开Shell（Windows下打开Git Bash），创建SSH Key：

$ ssh-keygen -t rsa -C "youremail@example.com"

如果一切顺利的话，可以在用户主目录里找到.ssh目录，里面有id_rsa和id_rsa.pub两个文件，这两个就是SSH Key的秘钥对，id_rsa是私钥，不能泄露出去，id_rsa.pub是公钥，可以放心地告诉任何人。

第2步：登陆GitHub，打开个人设置页，选择设置SSHKey的菜单，新增sshkey，新增的key复制公钥。


在github中新建远程仓库

关联远程仓库
$ git remote add origin git@github.com:millychen19/learngit.git

把本地库的所有内容推送到远程库上：
$ git push -u origin master
把本地库的内容推送到远程，用git push命令，实际上是把当前分支master推送到远程。

由于远程库是空的，我们第一次推送master分支时，加上了-u参数，Git不但会把本地的master分支内容推送的远程新的master分支，还会把本地的master分支和远程的master分支关联起来，在以后的推送或者拉取时就可以简化命令。

从现在起，只要本地作了提交，就可以通过命令：

$ git push origin master
把本地master分支的最新修改推送至GitHub，现在，你就拥有了真正的分布式版本库！

删除远程库
如果添加的时候地址写错了，或者就是想删除远程库，可以用git remote rm <name>命令。使用前，建议先用git remote -v查看远程库信息：

$ git remote -v
然后，根据名字删除，比如删除origin：

$ git remote rm origin
此处的“删除”其实是解除了本地和远程的绑定关系，并不是物理上删除了远程库。远程库本身并没有任何改动。要真正删除远程库，需要登录到GitHub，在后台页面找到删除按钮再删除。


小结
要关联一个远程库，使用命令git remote add origin git@server-name:path/repo-name.git；

关联一个远程库时必须给远程库指定一个名字，origin是默认习惯命名；

关联后，使用命令git push -u origin master第一次推送master分支的所有内容；

此后，每次本地提交后，只要有必要，就可以使用命令git push origin master推送最新修改；

分布式版本系统的最大好处之一是在本地工作完全不需要考虑远程库的存在，也就是有没有联网都可以正常工作，而SVN在没有联网的时候是拒绝干活的！当有网络的时候，再把本地提交推送一下就完成了同步，真是太方便了！

小结
要克隆一个仓库，首先必须知道仓库的地址，然后使用git clone命令克隆。
$ git clone git@github.com:michaelliao/gitskills.git

Git支持多种协议，包括https，但ssh协议速度最快。

https://www.liaoxuefeng.com/wiki/896043488029600/900003767775424

创建与合并分支

首先，我们创建dev分支，然后切换到dev分支：
$ git checkout -b dev
git checkout命令加上-b参数表示创建并切换，相当于以下两条命令：
$ git branch dev
$ git checkout dev

然后，用git branch命令查看当前分支：
$ git branch
git branch命令会列出所有分支，当前分支前面会标一个*号