廖雪峰git教程 学习进程摘抄

Git is a version control system.
Git is free software.

什么是版本库呢？版本库又名仓库，英文名repository，你可以简单理解成一个目录，这个目录里面的所有文件都可以被Git管理起来，每个文件的修改、删除，Git都能跟踪，以便任何时刻都可以追踪历史，或者在将来某个时刻可以“还原”。

所以，创建一个版本库非常简单，首先，选择一个合适的地方，创建一个空目录：

$ mkdir learngit
$ cd learngit
$ pwd
/Users/michael/learngit

第二步，通过git init命令把这个目录变成Git可以管理的仓库：

$ git init
Initialized empty Git repository in /Users/michael/learngit/.git/

，把一个文件放到Git仓库只需要两步。

第一步，用命令git add告诉Git，把文件添加到仓库：

$ git add readme.txt
执行上面的命令，没有任何显示，这就对了，Unix的哲学是“没有消息就是好消息”，说明添加成功。

第二步，用命令git commit告诉Git，把文件提交到仓库：
$ git commit -m "wrote a readme file"
简单解释一下git commit命令，-m后面输入的是本次提交的说明，可以输入任意内容，当然最好是有意义的，这样你就能从历史记录里方便地找到改动记录。

为什么Git添加文件需要add，commit一共两步呢？因为commit可以一次提交很多文件，所以你可以多次add不同的文件，比如：

$ git add file1.txt
$ git add file2.txt file3.txt
$ git commit -m "add 3 files."
疑难解答
Q：输入git add readme.txt，得到错误：fatal: not a git repository (or any of the parent directories)。
A：Git命令必须在Git仓库目录内执行（git init除外），在仓库目录外执行是没有意义的。
Q：输入git add readme.txt，得到错误fatal: pathspec 'readme.txt' did not match any files。
A：添加某个文件时，该文件必须在当前目录下存在，用ls或者dir命令查看当前目录的文件，看看文件是否存在，或者是否写错了文件名。

小结
现在总结一下今天学的两点内容：
初始化一个Git仓库，使用git init命令。
添加文件到Git仓库，分两步：

使用命令git add <file>，注意，可反复多次使用，添加多个文件；
使用命令git commit -m <message>，完成。

修改readme文件，现在，运行git status命令看看结果：
$ git status
git status命令可以让我们时刻掌握仓库当前的状态，上面的命令输出告诉我们，readme.txt被修改过了，但还没有准备提交的修改。

git log命令查看：

$ git log

用HEAD表示当前版本，也就是最新的提交1094adb...（注意我的提交ID和你的肯定不一样），上一个版本就是HEAD^，上上一个版本就是HEAD^^，当然往上100个版本写100个^比较容易数不过来，所以写成HEAD~100。

现在，我们要把当前版本append GPL回退到上一个版本add distributed，就可以使用git reset命令：

$ git reset --hard HEAD^

还可以继续回退到上一个版本wrote a readme file，不过且慢，让我们用git log再看看现在版本库的状态：

$ git log
commit e475afc93c209a690c39c13a46716e8fa000c366 (HEAD -> master)
Author: Michael Liao <askxuefeng@gmail.com>
Date:   Fri May 18 21:03:36 2018 +0800

    add distributed

commit eaadf4e385e865d25c48e7ca9c8395c3f7dfaef0
Author: Michael Liao <askxuefeng@gmail.com>
Date:   Fri May 18 20:59:18 2018 +0800

    wrote a readme file
最新的那个版本append GPL已经看不到了！好比你从21世纪坐时光穿梭机来到了19世纪，想再回去已经回不去了，肿么办？

办法其实还是有的，只要上面的命令行窗口还没有被关掉，你就可以顺着往上找啊找啊，找到那个append GPL的commit id是1094adb...，于是就可以指定回到未来的某个版本：

$ git reset --hard 1094a
HEAD is now at 83b0afe append GPL

在Git中，总是有后悔药可以吃的。当你用$ git reset --hard HEAD^回退到add distributed版本时，再想恢复到append GPL，就必须找到append GPL的commit id。Git提供了一个命令git reflog用来记录你的每一次命令：

$ git reflog
e475afc HEAD@{1}: reset: moving to HEAD^
1094adb (HEAD -> master) HEAD@{2}: commit: append GPL
e475afc HEAD@{3}: commit: add distributed
eaadf4e HEAD@{4}: commit (initial): wrote a readme file
终于舒了口气，从输出可知，append GPL的commit id是1094adb，现在，你又可以乘坐时光机回到未来了。


小结
现在总结一下：
HEAD指向的版本就是当前版本，因此，Git允许我们在版本的历史之间穿梭，使用命令git reset --hard commit_id。
穿梭前，用git log可以查看提交历史，以便确定要回退到哪个版本。
要重返未来，用git reflog查看命令历史，以便确定要回到未来的哪个版本。

版本库、head、master、暂存区等概念：
https://www.liaoxuefeng.com/wiki/896043488029600/897271968352576

版本库（Repository）
工作区有一个隐藏目录.git，这个不算工作区，而是Git的版本库。
Git的版本库里存了很多东西，其中最重要的就是称为stage（或者叫index）的暂存区，还有Git为我们自动创建的第一个分支master，以及指向master的一个指针叫HEAD。

前面讲了我们把文件往Git版本库里添加的时候，是分两步执行的：
第一步是用git add把文件添加进去，实际上就是把文件修改添加到暂存区；
第二步是用git commit提交更改，实际上就是把暂存区的所有内容提交到当前分支。
因为我们创建Git版本库时，Git自动为我们创建了唯一一个master分支，所以，现在，git commit就是往master分支上提交更改。
你可以简单理解为，需要提交的文件修改通通放到暂存区，然后，一次性提交暂存区的所有修改。


你可以发现，Git会告诉你，git checkout -- file可以丢弃工作区的修改：

$ git checkout -- readme.txt
命令git checkout -- readme.txt意思就是，把readme.txt文件在工作区的修改全部撤销，这里有两种情况：
一种是readme.txt自修改后还没有被放到暂存区，现在，撤销修改就回到和版本库一模一样的状态；
一种是readme.txt已经添加到暂存区后，又作了修改，现在，撤销修改就回到添加到暂存区后的状态。
总之，就是让这个文件回到最近一次git commit或git add时的状态。

git checkout -- file命令中的--很重要，没有--，就变成了“切换到另一个分支”的命令，我们在后面的分支管理中会再次遇到git checkout命令。



Git同样告诉我们，用命令git reset HEAD <file>可以把暂存区的修改撤销掉（unstage），重新放回工作区：

$ git reset HEAD readme.txt
Unstaged changes after reset:
M	readme.txt
git reset命令既可以回退版本，也可以把暂存区的修改回退到工作区。当我们用HEAD时，表示最新的版本。

再用git status查看一下，现在暂存区是干净的，工作区有修改：

还记得如何丢弃工作区的修改吗？

$ git checkout -- readme.txt

整个世界终于清静了！


小结
又到了小结时间。

场景1：当你改乱了工作区某个文件的内容，想直接丢弃工作区的修改时，用命令git checkout -- file。

场景2：当你不但改乱了工作区某个文件的内容，还添加到了暂存区时，想丢弃修改，分两步，第一步用命令git reset HEAD <file>，就回到了场景1，第二步按场景1操作。

场景3：已经提交了不合适的修改到版本库时，想要撤销本次提交，参考版本回退一节，不过前提是没有推送到远程库。

删除文件：
https://www.liaoxuefeng.com/wiki/896043488029600/900002180232448
删除工作区：
$ rm test.txt
暂存区删除：
$ git rm test.txt
提交删除，文件从版本库中删除
$ git commit -m "remove"

删错了，从版本库恢复文件：
$ git checkout -- test.txt

git checkout其实是用版本库里的版本替换工作区的版本，无论工作区是修改还是删除，都可以“一键还原”。

小结
命令git rm用于删除一个文件。如果一个文件已经被提交到版本库，那么你永远不用担心误删，但是要小心，你只能恢复文件到最新版本，你会丢失最近一次提交后你修改的内容。

第1步：创建SSH Key。在用户主目录下，看看有没有.ssh目录，如果有，再看看这个目录下有没有id_rsa和id_rsa.pub这两个文件，如果已经有了，可直接跳到下一步。如果没有，打开Shell（Windows下打开Git Bash），创建SSH Key：

$ ssh-keygen -t rsa -C "youremail@example.com"

如果一切顺利的话，可以在用户主目录里找到.ssh目录，里面有id_rsa和id_rsa.pub两个文件，这两个就是SSH Key的秘钥对，id_rsa是私钥，不能泄露出去，id_rsa.pub是公钥，可以放心地告诉任何人。

第2步：登陆GitHub，打开个人设置页，选择设置SSHKey的菜单，新增sshkey，新增的key复制公钥。


在github中新建远程仓库

关联远程仓库
$ git remote add origin git@github.com:millychen19/learngit.git

把本地库的所有内容推送到远程库上：
$ git push -u origin master
把本地库的内容推送到远程，用git push命令，实际上是把当前分支master推送到远程。

由于远程库是空的，我们第一次推送master分支时，加上了-u参数，Git不但会把本地的master分支内容推送的远程新的master分支，还会把本地的master分支和远程的master分支关联起来，在以后的推送或者拉取时就可以简化命令。

从现在起，只要本地作了提交，就可以通过命令：

$ git push origin master
把本地master分支的最新修改推送至GitHub，现在，你就拥有了真正的分布式版本库！

删除远程库
如果添加的时候地址写错了，或者就是想删除远程库，可以用git remote rm <name>命令。使用前，建议先用git remote -v查看远程库信息：

$ git remote -v
然后，根据名字删除，比如删除origin：

$ git remote rm origin
此处的“删除”其实是解除了本地和远程的绑定关系，并不是物理上删除了远程库。远程库本身并没有任何改动。要真正删除远程库，需要登录到GitHub，在后台页面找到删除按钮再删除。


小结
要关联一个远程库，使用命令git remote add origin git@server-name:path/repo-name.git；

关联一个远程库时必须给远程库指定一个名字，origin是默认习惯命名；

关联后，使用命令git push -u origin master第一次推送master分支的所有内容；

此后，每次本地提交后，只要有必要，就可以使用命令git push origin master推送最新修改；

分布式版本系统的最大好处之一是在本地工作完全不需要考虑远程库的存在，也就是有没有联网都可以正常工作，而SVN在没有联网的时候是拒绝干活的！当有网络的时候，再把本地提交推送一下就完成了同步，真是太方便了！

小结
要克隆一个仓库，首先必须知道仓库的地址，然后使用git clone命令克隆。
$ git clone git@github.com:michaelliao/gitskills.git

Git支持多种协议，包括https，但ssh协议速度最快。

https://www.liaoxuefeng.com/wiki/896043488029600/900003767775424

创建与合并分支

首先，我们创建dev分支，然后切换到dev分支：
$ git checkout -b dev
git checkout命令加上-b参数表示创建并切换，相当于以下两条命令：
$ git branch dev
$ git checkout dev

然后，用git branch命令查看当前分支：
$ git branch
git branch命令会列出所有分支，当前分支前面会标一个*号


dev修改文件
现在，dev分支的工作完成，我们就可以切换回master分支：
$ git checkout master
我们把dev分支的工作成果合并到master分支上：
$ git merge dev
git merge命令用于合并指定分支到当前分支。
$ git merge dev

合并完成后，就可以放心地删除dev分支了：
$ git branch -d dev
删除后，查看branch，就只剩下master分支了：
$ git branch

switch
我们注意到切换分支使用git checkout <branch>，而前面讲过的撤销修改则是git checkout -- <file>，同一个命令，有两种作用，确实有点令人迷惑。
实际上，切换分支这个动作，用switch更科学。因此，最新版本的Git提供了新的git switch命令来切换分支：

创建并切换到新的dev分支，可以使用：
$ git switch -c dev
直接切换到已有的master分支，可以使用：
$ git switch master
使用新的git switch命令，比git checkout要更容易理解。

小结
Git鼓励大量使用分支：
查看分支：git branch
创建分支：git branch <name>
切换分支：git checkout <name>或者git switch <name>
创建+切换分支：git checkout -b <name>或者git switch -c <name>
合并某分支到当前分支：git merge <name>
删除分支：git branch -d <name>

Creating a new branch is quick AND simple.

解决冲突
https://www.liaoxuefeng.com/wiki/896043488029600/900004111093344

用带参数的git log也可以看到分支的合并情况：
$ git log --graph --pretty=oneline --abbrev-commit

小结
当Git无法自动合并分支时，就必须首先解决冲突。解决冲突后，再提交，合并完成。
解决冲突就是把Git合并失败的文件手动编辑为我们希望的内容，再提交。
用git log --graph命令可以看到分支合并图。

分支管理策略
https://www.liaoxuefeng.com/wiki/896043488029600/900005860592480

分支策略
在实际开发中，我们应该按照几个基本原则进行分支管理：

首先，master分支应该是非常稳定的，也就是仅用来发布新版本，平时不能在上面干活；
那在哪干活呢？干活都在dev分支上，也就是说，dev分支是不稳定的，到某个时候，比如1.0版本发布时，再把dev分支合并到master上，在master分支发布1.0版本；
你和你的小伙伴们每个人都在dev分支上干活，每个人都有自己的分支，时不时地往dev分支上合并就可以了。

小结
Git分支十分强大，在团队开发中应该充分应用。
合并分支时，加上--no-ff参数就可以用普通模式合并，合并后的历史有分支，能看出来曾经做过合并，而fast forward合并就看不出来曾经做过合并。


bug分支
https://www.liaoxuefeng.com/wiki/896043488029600/900388704535136

Git还提供了一个stash功能，可以把当前工作现场“储藏”起来，等以后恢复现场后继续工作：
$ git stash
现在，用git status查看工作区，就是干净的（除非有没有被Git管理的文件），因此可以放心地创建分支来修复bug。

修复完bug切回dev分支干活
git status工作区是干净的，刚才的工作现场存到哪去了？用git stash list命令看看：
$ git stash list
stash@{0}: WIP on dev: f52c633 add merge

工作现场还在，Git把stash内容存在某个地方了，但是需要恢复一下，有两个办法：
一是用git stash apply恢复，但是恢复后，stash内容并不删除，你需要用git stash drop来删除；
另一种方式是用git stash pop，恢复的同时把stash内容也删了：
$ git stash pop
再用git stash list查看，就看不到任何stash内容了：
$ git stash list
你可以多次stash，恢复的时候，先用git stash list查看，然后恢复指定的stash，用命令：
$ git stash apply stash@{0}

Git专门提供了一个cherry-pick命令，让我们能复制一个特定的提交到当前分支：
$ git cherry-pick 4c805e2

小结
修复bug时，我们会通过创建新的bug分支进行修复，然后合并，最后删除；
当手头工作没有完成时，先把工作现场git stash一下，然后去修复bug，修复后，再git stash pop，回到工作现场；
在master分支上修复的bug，想要合并到当前dev分支，可以用git cherry-pick <commit>命令，把bug提交的修改“复制”到当前分支，避免重复劳动。



小结
开发一个新feature，最好新建一个分支；
如果要丢弃一个没有被合并过的分支，可以通过git branch -D <name>强行删除。


多人协作
https://www.liaoxuefeng.com/wiki/896043488029600/900375748016320
当你从远程仓库克隆时，实际上Git自动把本地的master分支和远程的master分支对应起来了，并且，远程仓库的默认名称是origin。

要查看远程库的信息，用git remote：

$ git remote
origin
或者，用git remote -v显示更详细的信息：

$ git remote -v


抓取分支

https://www.liaoxuefeng.com/wiki/896043488029600/900375748016320
当你的小伙伴从远程库clone时，默认情况下，你的小伙伴只能看到本地的master分支。不信可以用git branch命令看看：

$ git branch
* master
现在，你的小伙伴要在dev分支上开发，就必须创建远程origin的dev分支到本地，于是他用这个命令创建本地dev分支：

$ git checkout -b dev origin/dev
现在，他就可以在dev上继续修改，然后，时不时地把dev分支push到远程：

$ git add env.txt
$ git commit -m "add env"
$ git push origin dev

你的小伙伴已经向origin/dev分支推送了他的提交，而碰巧你也对同样的文件作了修改，并试图推送：
推送失败，因为你的小伙伴的最新提交和你试图推送的提交有冲突，解决办法也很简单，Git已经提示我们，先用git pull把最新的提交从origin/dev抓下来，然后，在本地合并，解决冲突，再推送：
$ git pull
git pull也失败了，原因是没有指定本地dev分支与远程origin/dev分支的链接，根据提示，设置dev和origin/dev的链接：
$ git branch --set-upstream-to=origin/dev dev
再pull：
$ git pull
这回git pull成功，但是合并有冲突，需要手动解决，解决的方法和分支管理中的解决冲突完全一样。解决后，提交，再push：

$ git commit -m "fix env conflict"
$ git push origin dev

因此，多人协作的工作模式通常是这样：
首先，可以试图用git push origin <branch-name>推送自己的修改；
如果推送失败，则因为远程分支比你的本地更新，需要先用git pull试图合并；
如果合并有冲突，则解决冲突，并在本地提交；
没有冲突或者解决掉冲突后，再用git push origin <branch-name>推送就能成功！
如果git pull提示no tracking information，则说明本地分支和远程分支的链接关系没有创建，用命令git branch --set-upstream-to <branch-name> origin/<branch-name>。
这就是多人协作的工作模式，一旦熟悉了，就非常简单。

小结
查看远程库信息，使用git remote -v；
本地新建的分支如果不推送到远程，对其他人就是不可见的；
从本地推送分支，使用git push origin branch-name，如果推送失败，先用git pull抓取远程的新提交；
在本地创建和远程分支对应的分支，使用git checkout -b branch-name origin/branch-name，本地和远程分支的名称最好一致；
建立本地分支和远程分支的关联，使用git branch --set-upstream branch-name origin/branch-name；
从远程抓取分支，使用git pull，如果有冲突，要先处理冲突。

小结
rebase操作可以把本地未push的分叉提交历史整理成直线；
rebase的目的是使得我们在查看历史提交的变化时更容易，因为分叉的提交需要三方对比。
$ git rebase

创建标签
https://www.liaoxuefeng.com/wiki/896043488029600/902335212905824
在Git中打标签非常简单，首先，切换到需要打标签的分支上：
$ git branch
$ git checkout master
然后，敲命令git tag <name>就可以打一个新标签：
$ git tag v1.0
可以用命令git tag查看所有标签：
$ git tag
默认标签是打在最新提交的commit上的。有时候，如果忘了打标签，比如，现在已经是周五了，但应该在周一打的标签没有打，怎么办？
方法是找到历史提交的commit id，然后打上就可以了：
$ git log --pretty=oneline --abbrev-commit

比方说要对add merge这次提交打标签，它对应的commit id是f52c633，敲入命令：
$ git tag v0.9 f52c633
再用命令git tag查看标签：
$ git tag

注意，标签不是按时间顺序列出，而是按字母排序的。可以用git show <tagname>查看标签信息：
$ git show v0.9
还可以创建带有说明的标签，用-a指定标签名，-m指定说明文字：
$ git tag -a v0.1 -m "version 0.1 released" 1094adb
用命令git show <tagname>可以看到说明文字：

$ git show v0.1
 注意：标签总是和某个commit挂钩。如果这个commit既出现在master分支，又出现在dev分支，那么在这两个分支上都可以看到这个标签。
小结
命令git tag <tagname>用于新建一个标签，默认为HEAD，也可以指定一个commit id；
命令git tag -a <tagname> -m "blablabla..."可以指定标签信息；
命令git tag可以查看所有标签。

操作标签
https://www.liaoxuefeng.com/wiki/896043488029600/902335479936480
如果标签打错了，也可以删除：
$ git tag -d v0.1
因为创建的标签都只存储在本地，不会自动推送到远程。所以，打错的标签可以在本地安全删除。
如果要推送某个标签到远程，使用命令git push origin <tagname>：
$ git push origin v1.0

或者，一次性推送全部尚未推送到远程的本地标签：
$ git push origin --tags
Total 0 (delta 0), reused 0 (delta 0)
To github.com:michaelliao/learngit.git
 * [new tag]         v0.9 -> v0.9
如果标签已经推送到远程，要删除远程标签就麻烦一点，先从本地删除：

$ git tag -d v0.9
Deleted tag 'v0.9' (was f52c633)
然后，从远程删除。删除命令也是push，但是格式如下：

$ git push origin :refs/tags/v0.9
To github.com:michaelliao/learngit.git
 - [deleted]         v0.9
要看看是否真的从远程库删除了标签，可以登陆GitHub查看。

小结
命令git push origin <tagname>可以推送一个本地标签；
命令git push origin --tags可以推送全部未推送过的本地标签；
命令git tag -d <tagname>可以删除一个本地标签；
命令git push origin :refs/tags/<tagname>可以删除一个远程标签。

使用GitHub
如何参与一个开源项目呢？比如人气极高的bootstrap项目，这是一个非常强大的CSS框架，你可以访问它的项目主页https://github.com/twbs/bootstrap，点“Fork”就在自己的账号下克隆了一个bootstrap仓库，然后，从自己的账号下clone：

一定要从自己的账号下clone仓库，这样你才能推送修改。如果从bootstrap的作者的仓库地址git@github.com:twbs/bootstrap.git克隆，因为没有权限，你将不能推送修改。

Bootstrap的官方仓库twbs/bootstrap、你在GitHub上克隆的仓库my/bootstrap，以及你自己克隆到本地电脑的仓库，他们的关系就像下图显示的那样：

┌─ GitHub ────────────────────────────────────┐
│                                             │
│ ┌─────────────────┐     ┌─────────────────┐ │
│ │ twbs/bootstrap  │────>│  my/bootstrap   │ │
│ └─────────────────┘     └─────────────────┘ │
│                                  ▲          │
└──────────────────────────────────┼──────────┘
                                   
                          ┌─────────────────┐
                          │ local/bootstrap │
                          └─────────────────┘
如果你想修复bootstrap的一个bug，或者新增一个功能，立刻就可以开始干活，干完后，往自己的仓库推送。

如果你希望bootstrap的官方库能接受你的修改，你就可以在GitHub上发起一个pull request。当然，对方是否接受你的pull request就不一定了。

如果你没能力修改bootstrap，但又想要试一把pull request，那就Fork一下我的仓库：https://github.com/michaelliao/learngit，
创建一个your-github-id.txt的文本文件，写点自己学习Git的心得，然后推送一个pull request给我，我会视心情而定是否接受。

小结
在GitHub上，可以任意Fork开源仓库；
自己拥有Fork后的仓库的读写权限；
可以推送pull request给官方仓库来贡献代码。

使用Gitee
https://www.liaoxuefeng.com/wiki/896043488029600/1163625339727712

本地关联多个远程库：
我们可以删除已有的GitHub远程库：
git remote rm origin
然后，先关联GitHub的远程库：
git remote add github git@github.com:michaelliao/learngit.git
再关联Gitee的远程库（注意路径中需要填写正确的用户名）：
git remote add gitee git@gitee.com:liaoxuefeng/learngit.git
现在，我们用git remote -v查看远程库信息，可以看到两个远程库：
git remote -v
gitee	git@gitee.com:liaoxuefeng/learngit.git (fetch)
gitee	git@gitee.com:liaoxuefeng/learngit.git (push)
github	git@github.com:michaelliao/learngit.git (fetch)
github	git@github.com:michaelliao/learngit.git (push)

如果要推送到GitHub，使用命令：

git push github master
如果要推送到Gitee，使用命令：

git push gitee master
这样一来，我们的本地库就可以同时与多个远程库互相同步：

┌─────────┐ ┌─────────┐
│ GitHub  │ │  Gitee  │
└─────────┘ └─────────┘
     ▲           ▲
     └─────┬─────┘
           │
    ┌─────────────┐
    │ Local Repo  │
    └─────────────┘
Gitee也同样提供了Pull request功能，可以让其他小伙伴参与到开源项目中来。你可以通过Fork我的仓库：https://gitee.com/liaoxuefeng/learngit，创建一个your-gitee-id.txt的文本文件， 写点自己学习Git的心得，然后推送一个pull request给我，

这个仓库会在Gitee和GitHub做双向同步。


